// Jest Snapshot v1, https://goo.gl/fbAQLP

exports[`renders homepage unchanged 1`] = `
<div>
  <div
    class="overflow-hidden flex flex-col items-start gap-2.5 w-full pt-5 px-5 rounded-[15px] h-[475px] bg-white font-[Quicksand]"
  >
    <div
      class="flex justify-between items-start w-[327px] h-[35px]"
    >
      <div
        class="flex items-start py-1 rounded w-[164px] h-full"
      >
        <p
          class="h-full flex-1 min-w-0 text-black"
        >
          <b>
            $
            151
          </b>
           night
        </p>
      </div>
      <div
        class="flex justify-end items-center h-full py-1 rounded w-[164px]"
      >
        <img
          alt="star"
          class="w-[18px] h-[18px]"
          src="/img.jpg"
        />
        <p
          class="w-[121px] text-black"
        >
          <b>
            4.98
          </b>
           · 
          153
           reviews
        </p>
      </div>
    </div>
    <div
      class="flex flex-col items-center rounded h-[134px] self-stretch"
    >
      <div
        class="flex justify-center items-start rounded w-full flex-1 min-h-0"
      >
        <div
          class="flex flex-col items-start p-2.5 rounded-tl-[10px] h-full flex-1 min-w-0 border-solid border-[rgb(177,_176,_177)] border-t border-b border-l"
        >
          <p
            class="w-full flex-1 min-h-0 text-black text-xs font-semibold"
          >
            CHECK-IN
            <br />
          </p>
          <p
            class="w-full flex-1 min-h-0 text-black text-sm font-normal"
          >
            1/8/2023
            <br />
          </p>
        </div>
        <div
          class="flex flex-col items-start p-2.5 rounded-tr-[10px] h-full flex-1 min-w-0 border-solid border-[rgb(177,_176,_177)] border"
        >
          <p
            class="w-full flex-1 min-h-0 text-black text-xs font-semibold"
          >
            CHECKOUT
            <br />
          </p>
          <p
            class="w-full flex-1 min-h-0 text-black text-sm font-normal"
          >
            1/13/2023
            <br />
          </p>
        </div>
      </div>
      <div
        class="flex items-start p-2.5 rounded-bl-[10px] rounded-br-[10px] w-full flex-1 min-h-0 border-solid border-[rgb(177,_176,_177)] border-b border-l border-r"
      >
        <div
          class="flex flex-col items-start rounded-bl-[10px] rounded-br-[10px] h-full flex-1 min-w-0"
        >
          <p
            class="w-36 flex-1 min-h-0 text-black text-xs font-semibold"
          >
            GUESTS
            <br />
          </p>
          <p
            class="w-36 flex-1 min-h-0 text-black text-sm font-normal"
          >
            1
             guest
            <br />
          </p>
        </div>
        <div
          class="flex justify-center items-center rounded-bl-[10px] rounded-br-[10px] w-[25px] h-full"
        >
          <img
            alt="chevronDown"
            class="h-5 flex-1 min-w-0"
            src="/img.jpg"
          />
        </div>
      </div>
    </div>
    <div
      class="flex flex-col items-center gap-2.5 rounded flex-1 min-h-0 self-stretch"
    >
      <button
        class="cursor-pointer flex justify-center items-center px-[50px] py-5 rounded-[7px] opacity-90 w-full h-12 bg-[rgb(218,_12,_101)] hover:bg-[]"
      >
        <p
          class="text-white text-xl font-semibold tracking-[-0.03em]"
        >
          Reserve
        </p>
      </button>
      <p
        class="flex-1 min-h-0 text-black text-sm font-normal tracking-[-0.03em]"
      >
        You won’t be charged yet
        <br />
      </p>
    </div>
    <div
      class="flex justify-between items-start flex-1 min-h-0 self-stretch"
    >
      <div
        class="flex items-start px-2 py-1 rounded h-full flex-1 min-w-0"
      >
        <p
          class="h-full flex-1 min-w-0 text-black text-base font-[Inter] font-normal underline"
        >
          $
          151
           x 
          5
           nights
        </p>
      </div>
      <div
        class="flex items-start rounded h-full"
      >
        <p
          class="h-full flex-1 min-w-0 text-black text-base font-[Inter] font-normal"
        >
          $
          755
        </p>
      </div>
    </div>
    <div
      class="flex justify-between items-start flex-1 min-h-0 self-stretch border-solid border-[rgb(223,_223,_222)] border-t"
    >
      <div
        class="flex items-start px-2 py-1 rounded h-full flex-1 min-w-0"
      >
        <p
          class="h-full flex-1 min-w-0 text-black text-base font-[Inter] font-bold"
        >
          Total before taxes
        </p>
      </div>
      <div
        class="flex items-start rounded h-full"
      >
        <p
          class="h-full flex-1 min-w-0 text-black text-base font-[Inter] font-bold"
        >
          $
          755
        </p>
      </div>
    </div>
  </div>
</div>
`;
